Mono path[0] = 'D:/Programas/steamapps/common/RimWorld/RimWorldWin64_Data/Managed'
Mono config path = 'D:/Programas/steamapps/common/RimWorld/MonoBleedingEdge/etc'
[PhysX] Initialized MultithreadedTaskDispatcher with 12 workers.
Initialize engine version: 2022.3.35f1 (011206c7a712)
[Subsystems] Discovering subsystems at path D:/Programas/steamapps/common/RimWorld/RimWorldWin64_Data/UnitySubsystems
GfxDevice: creating device client; threaded=1; jobified=0
Direct3D:
    Version:  Direct3D 11.0 [level 11.1]
    Renderer: NVIDIA GeForce RTX 3060 Ti (ID=0x2414)
    Vendor:   NVIDIA
    VRAM:     8024 MB
    Driver:   32.0.15.9186
Begin MonoManager ReloadAssembly
- Loaded All Assemblies, in  0.240 seconds
- Finished resetting the current domain, in  0.002 seconds
<RI> Initializing input.
<RI> Input initialized.
<RI> Initialized touch support.
[PhysX] Initialized MultithreadedTaskDispatcher with 12 workers.
UnloadTime: 0.825800 ms
Command line arguments: -disable-compute-shaders
RimWorld 1.6.4633 rev1261
Mod  is missing supported versions list in About.xml! (example: <supportedVersions><li>1.0</li></supportedVersions>)
Mod AncotDecompiled is missing packageId in About.xml! (example: <packageId>AuthorName.ModName.Specific</packageId>)
Mod  is missing supported versions list in About.xml! (example: <supportedVersions><li>1.0</li></supportedVersions>)
Mod AriandelDecompiled is missing packageId in About.xml! (example: <packageId>AuthorName.ModName.Specific</packageId>)
Mod  is missing supported versions list in About.xml! (example: <supportedVersions><li>1.0</li></supportedVersions>)
Mod Assembly-CSharp is missing packageId in About.xml! (example: <packageId>AuthorName.ModName.Specific</packageId>)
Mod  is missing supported versions list in About.xml! (example: <supportedVersions><li>1.0</li></supportedVersions>)
Mod MiliraBaseDecompiled is missing packageId in About.xml! (example: <packageId>AuthorName.ModName.Specific</packageId>)
Mod  is missing supported versions list in About.xml! (example: <supportedVersions><li>1.0</li></supportedVersions>)
Mod MiliraDecompiled is missing packageId in About.xml! (example: <packageId>AuthorName.ModName.Specific</packageId>)
Mod  is missing supported versions list in About.xml! (example: <supportedVersions><li>1.0</li></supportedVersions>)
Mod MiliraImperium is missing packageId in About.xml! (example: <packageId>AuthorName.ModName.Specific</packageId>)
Mod Empire Raid with vehicles dependency (oskarpotocki.vanillavehiclesexpandedtier3) needs to have <downloadUrl> and/or <steamWorkshopUrl> specified.
Mod Empire Raid with vehicles dependency (gabrieel1482.raidvehicleframework) needs to have <downloadUrl> and/or <steamWorkshopUrl> specified.
Mod Ocean Expansion dependency (brrainz.harmony) needs to have <downloadUrl> and/or <steamWorkshopUrl> specified.
Mod Empire Raid with vehicles dependency (oskarpotocki.vanillavehiclesexpandedtier3) needs to have <downloadUrl> and/or <steamWorkshopUrl> specified.
Mod Empire Raid with vehicles dependency (gabrieel1482.raidvehicleframework) needs to have <downloadUrl> and/or <steamWorkshopUrl> specified.
Mod Lovin Impact dependency (brrainz.harmony) needs to have <downloadUrl> and/or <steamWorkshopUrl> specified.
Mod RimShips dependency (brrainz.harmony) needs to have <downloadUrl> and/or <steamWorkshopUrl> specified.
Fallback handler could not load library D:/Programas/steamapps/common/RimWorld/RimWorldWin64_Data/MonoBleedingEdge/data-00000247CEBA8060.dll
Fallback handler could not load library D:/Programas/steamapps/common/RimWorld/RimWorldWin64_Data/MonoBleedingEdge/data-0000024819B79B90.dll
[VVE_BigRig_NPC] Implied generation for vehicles is incomplete. Please define the VehicleBuildDef separately to avoid improper vehicle generation.
[VVE_Bulldog_NPC] Implied generation for vehicles is incomplete. Please define the VehicleBuildDef separately to avoid improper vehicle generation.
[VVE_Cherokee_NPC] Implied generation for vehicles is incomplete. Please define the VehicleBuildDef separately to avoid improper vehicle generation.
Translation data for language Spanish has 3 errors. Generate translation report for more info.
[SmashPhil.VehicleFramework] Applying compatibility patch for ludeon.rimworld.odyssey. Active: Sí
[VehicleFramework] version 1.6.2144
Unloading 5 Unused Serialized files (Serialized files now loaded: 7)
MVCF successfully applied 0 patches
Unloading 183 unused Assets to reduce memory usage. Loaded Objects now: 28553.
Total: 332.061700 ms (FindLiveObjects: 1.863000 ms CreateObjectMapping: 1.394100 ms MarkObjects: 328.199700 ms  DeleteObjects: 0.604500 ms)

Unloading 3 Unused Serialized files (Serialized files now loaded: 7)
[PhysX] Initialized MultithreadedTaskDispatcher with 12 workers.
UnloadTime: 0.954500 ms
Unloading 3 unused Assets to reduce memory usage. Loaded Objects now: 28742.
Total: 270.599600 ms (FindLiveObjects: 1.632100 ms CreateObjectMapping: 1.025800 ms MarkObjects: 267.876500 ms  DeleteObjects: 0.064800 ms)

Initializing new game with mods:
  - brrainz.harmony
  - Ludeon.RimWorld
  - Ludeon.RimWorld.Royalty
  - Ludeon.RimWorld.Ideology
  - Ludeon.RimWorld.Biotech
  - Ludeon.RimWorld.Anomaly
  - Ludeon.RimWorld.Odyssey
  - SmashPhil.VehicleFramework
  - gabrieel1482.raidvehicleframework
  - OskarPotocki.VanillaFactionsExpanded.Core
  - OskarPotocki.VanillaVehiclesExpanded
  - OskarPotocki.VanillaVehiclesExpandedTier3
  - gabrieel1482.PruebaRaidVehicle
  - OskarPotocki.VanillaVehiclesExpandedUpgrades
Unloading 0 Unused Serialized files (Serialized files now loaded: 7)
Unloading 1 unused Assets to reduce memory usage. Loaded Objects now: 33682.
Total: 341.813200 ms (FindLiveObjects: 2.397700 ms CreateObjectMapping: 2.784200 ms MarkObjects: 336.524700 ms  DeleteObjects: 0.106300 ms)

Exception ticking VVE_MosquitoTestLeaving11234 (at (141, 0, 156)): System.NullReferenceException: Object reference not set to an instance of an object
[Ref 93577FA8]
  at VehicleRaid.CompVehicleHover.UpdateGridPosition () [0x0002c] in <20343a48ef2741a2b607e74b82a21c69>:0 
  at VehicleRaid.CompVehicleHover.TickHoverMovement () [0x000d7] in <20343a48ef2741a2b607e74b82a21c69>:0 
  at VehicleRaid.CompVehicleHover.CompTick () [0x0011e] in <20343a48ef2741a2b607e74b82a21c69>:0 
  at Vehicles.VehiclePawn.TickAllComps () [0x00010] in C:\Program Files (x86)\Steam\steamapps\common\RimWorld\Mods\Vehicle-Framework\Source\Vehicles\Components\Vehicles\VehiclePawn\VehiclePawn_Tickers.cs:103 
  at Vehicles.VehiclePawn.Tick () [0x00006] in <81bfdc99d8ad42e184702f73e7836b4a>:0 
    - POSTFIX VRF.VehicleRaidFramework: Void VehicleRaidFramework.Patch_RaidVehicle_CrewDependency:Postfix(VehiclePawn __instance)
  at Verse.Thing.DoTick () [0x0007b] in <46372f5dadbf4af8939e608076251180>:0 
  at Verse.ThingOwner.DoTick () [0x0001c] in <46372f5dadbf4af8939e608076251180>:0 
  at Verse.Thing.DoTick () [0x0022c] in <46372f5dadbf4af8939e608076251180>:0 
  at Verse.TickList.Tick () [0x00139] in <46372f5dadbf4af8939e608076251180>:0 
Exception ticking VVE_MosquitoTestLeaving11234 (at (141, 0, 156)): System.NullReferenceException: Object reference not set to an instance of an object
[Ref 93577FA8] Duplicate stacktrace, see ref for original
Exception ticking VVE_MosquitoTestLeaving11234 (at (141, 0, 156)): System.NullReferenceException: Object reference not set to an instance of an object
[Ref 93577FA8] Duplicate stacktrace, see ref for original
Exception ticking VVE_MosquitoTestLeaving11234 (at (141, 0, 156)): System.NullReferenceException: Object reference not set to an instance of an object
[Ref 93577FA8] Duplicate stacktrace, see ref for original
Exception ticking VVE_MosquitoTestLeaving11234 (at (141, 0, 156)): System.NullReferenceException: Object reference not set to an instance of an object
[Ref 93577FA8] Duplicate stacktrace, see ref for original
Exception ticking VVE_MosquitoTestLeaving11234 (at (141, 0, 156)): System.NullReferenceException: Object reference not set to an instance of an object
[Ref 93577FA8] Duplicate stacktrace, see ref for original
Exception ticking VVE_MosquitoTestLeaving11234 (at (141, 0, 156)): System.NullReferenceException: Object reference not set to an instance of an object
[Ref 93577FA8] Duplicate stacktrace, see ref for original
Exception ticking VVE_MosquitoTestLeaving11234 (at (141, 0, 156)): System.NullReferenceException: Object reference not set to an instance of an object
[Ref 93577FA8] Duplicate stacktrace, see ref for original
Exception ticking VVE_MosquitoTestLeaving11234 (at (141, 0, 156)): System.NullReferenceException: Object reference not set to an instance of an object
[Ref 93577FA8] Duplicate stacktrace, see ref for original
Exception ticking VVE_MosquitoTestLeaving11234 (at (141, 0, 156)): System.NullReferenceException: Object reference not set to an instance of an object
[Ref 93577FA8] Duplicate stacktrace, see ref for original
Exception ticking VVE_MosquitoTestLeaving11234 (at (141, 0, 156)): System.NullReferenceException: Object reference not set to an instance of an object
[Ref 93577FA8] Duplicate stacktrace, see ref for original
Exception ticking VVE_MosquitoTestLeaving11234 (at (141, 0, 156)): System.NullReferenceException: Object reference not set to an instance of an object
[Ref 93577FA8] Duplicate stacktrace, see ref for original
Exception ticking VVE_MosquitoTestLeaving11234 (at (141, 0, 156)): System.NullReferenceException: Object reference not set to an instance of an object
[Ref 93577FA8] Duplicate stacktrace, see ref for original
Exception ticking VVE_MosquitoTestLeaving11234 (at (141, 0, 156)): System.NullReferenceException: Object reference not set to an instance of an object
[Ref 93577FA8] Duplicate stacktrace, see ref for original
Exception ticking VVE_MosquitoTestLeaving11234 (at (141, 0, 156)): System.NullReferenceException: Object reference not set to an instance of an object
[Ref 93577FA8] Duplicate stacktrace, see ref for original
Exception ticking VVE_MosquitoTestLeaving11234 (at (141, 0, 156)): System.NullReferenceException: Object reference not set to an instance of an object
[Ref 93577FA8] Duplicate stacktrace, see ref for original
Exception ticking VVE_MosquitoTestLeaving11234 (at (141, 0, 156)): System.NullReferenceException: Object reference not set to an instance of an object
[Ref 93577FA8] Duplicate stacktrace, see ref for original
Exception ticking VVE_MosquitoTestLeaving11234 (at (141, 0, 156)): System.NullReferenceException: Object reference not set to an instance of an object
[Ref 93577FA8] Duplicate stacktrace, see ref for original
Exception ticking VVE_MosquitoTestLeaving11234 (at (141, 0, 156)): System.NullReferenceException: Object reference not set to an instance of an object
[Ref 93577FA8] Duplicate stacktrace, see ref for original
Exception ticking VVE_MosquitoTestLeaving11234 (at (141, 0, 156)): System.NullReferenceException: Object reference not set to an instance of an object
[Ref 93577FA8] Duplicate stacktrace, see ref for original
Exception ticking VVE_MosquitoTestLeaving11234 (at (141, 0, 156)): System.NullReferenceException: Object reference not set to an instance of an object
[Ref 93577FA8] Duplicate stacktrace, see ref for original
Exception ticking VVE_MosquitoTestLeaving11234 (at (141, 0, 156)): System.NullReferenceException: Object reference not set to an instance of an object
[Ref 93577FA8] Duplicate stacktrace, see ref for original
Exception ticking VVE_MosquitoTestLeaving11234 (at (141, 0, 156)): System.NullReferenceException: Object reference not set to an instance of an object
[Ref 93577FA8] Duplicate stacktrace, see ref for original
Exception ticking VVE_MosquitoTestLeaving11234 (at (141, 0, 156)): System.NullReferenceException: Object reference not set to an instance of an object
[Ref 93577FA8] Duplicate stacktrace, see ref for original
Exception ticking VVE_MosquitoTestLeaving11234 (at (141, 0, 156)): System.NullReferenceException: Object reference not set to an instance of an object
[Ref 93577FA8] Duplicate stacktrace, see ref for original
Exception ticking VVE_MosquitoTestLeaving11234 (at (141, 0, 156)): System.NullReferenceException: Object reference not set to an instance of an object
[Ref 93577FA8] Duplicate stacktrace, see ref for original
Exception ticking VVE_MosquitoTestLeaving11234 (at (141, 0, 156)): System.NullReferenceException: Object reference not set to an instance of an object
[Ref 93577FA8] Duplicate stacktrace, see ref for original
Exception ticking VVE_MosquitoTestLeaving11234 (at (141, 0, 156)): System.NullReferenceException: Object reference not set to an instance of an object
[Ref 93577FA8] Duplicate stacktrace, see ref for original
Exception ticking VVE_MosquitoTestLeaving11234 (at (141, 0, 156)): System.NullReferenceException: Object reference not set to an instance of an object
[Ref 93577FA8] Duplicate stacktrace, see ref for original
Exception ticking VVE_MosquitoTestLeaving11234 (at (141, 0, 156)): System.NullReferenceException: Object reference not set to an instance of an object
[Ref 93577FA8] Duplicate stacktrace, see ref for original
Exception ticking VVE_MosquitoTestLeaving11234 (at (141, 0, 156)): System.NullReferenceException: Object reference not set to an instance of an object
[Ref 93577FA8] Duplicate stacktrace, see ref for original
Exception ticking VVE_MosquitoTestLeaving11234 (at (141, 0, 156)): System.NullReferenceException: Object reference not set to an instance of an object
[Ref 93577FA8] Duplicate stacktrace, see ref for original
Exception ticking VVE_MosquitoTestLeaving11234 (at (141, 0, 156)): System.NullReferenceException: Object reference not set to an instance of an object
[Ref 93577FA8] Duplicate stacktrace, see ref for original
Exception ticking VVE_MosquitoTestLeaving11234 (at (141, 0, 156)): System.NullReferenceException: Object reference not set to an instance of an object
[Ref 93577FA8] Duplicate stacktrace, see ref for original
Exception ticking VVE_MosquitoTestLeaving11234 (at (141, 0, 156)): System.NullReferenceException: Object reference not set to an instance of an object
[Ref 93577FA8] Duplicate stacktrace, see ref for original
Exception ticking VVE_MosquitoTestLeaving11234 (at (141, 0, 156)): System.NullReferenceException: Object reference not set to an instance of an object
[Ref 93577FA8] Duplicate stacktrace, see ref for original
Exception ticking VVE_MosquitoTestLeaving11234 (at (141, 0, 156)): System.NullReferenceException: Object reference not set to an instance of an object
[Ref 93577FA8] Duplicate stacktrace, see ref for original
Exception ticking VVE_MosquitoTestLeaving11234 (at (141, 0, 156)): System.NullReferenceException: Object reference not set to an instance of an object
[Ref 93577FA8] Duplicate stacktrace, see ref for original
Exception ticking VVE_MosquitoTestLeaving11234 (at (141, 0, 156)): System.NullReferenceException: Object reference not set to an instance of an object
[Ref 93577FA8] Duplicate stacktrace, see ref for original
Exception ticking VVE_MosquitoTestLeaving11234 (at (141, 0, 156)): System.NullReferenceException: Object reference not set to an instance of an object
[Ref 93577FA8] Duplicate stacktrace, see ref for original
Exception ticking VVE_MosquitoTestLeaving11234 (at (141, 0, 156)): System.NullReferenceException: Object reference not set to an instance of an object
[Ref 93577FA8] Duplicate stacktrace, see ref for original
Exception ticking VVE_MosquitoTestLeaving11234 (at (141, 0, 156)): System.NullReferenceException: Object reference not set to an instance of an object
[Ref 93577FA8] Duplicate stacktrace, see ref for original
Exception ticking VVE_MosquitoTestLeaving11234 (at (141, 0, 156)): System.NullReferenceException: Object reference not set to an instance of an object
[Ref 93577FA8] Duplicate stacktrace, see ref for original
Exception ticking VVE_MosquitoTestLeaving11234 (at (141, 0, 156)): System.NullReferenceException: Object reference not set to an instance of an object
[Ref 93577FA8] Duplicate stacktrace, see ref for original
Exception ticking VVE_MosquitoTestLeaving11234 (at (141, 0, 156)): System.NullReferenceException: Object reference not set to an instance of an object
[Ref 93577FA8] Duplicate stacktrace, see ref for original
Exception ticking VVE_MosquitoTestLeaving11234 (at (141, 0, 156)): System.NullReferenceException: Object reference not set to an instance of an object
[Ref 93577FA8] Duplicate stacktrace, see ref for original
Exception ticking VVE_MosquitoTestLeaving11234 (at (141, 0, 156)): System.NullReferenceException: Object reference not set to an instance of an object
[Ref 93577FA8] Duplicate stacktrace, see ref for original
Exception ticking VVE_MosquitoTestLeaving11234 (at (141, 0, 156)): System.NullReferenceException: Object reference not set to an instance of an object
[Ref 93577FA8] Duplicate stacktrace, see ref for original
Exception ticking VVE_MosquitoTestLeaving11234 (at (141, 0, 156)): System.NullReferenceException: Object reference not set to an instance of an object
[Ref 93577FA8] Duplicate stacktrace, see ref for original
Exception ticking VVE_MosquitoTestLeaving11234 (at (141, 0, 156)): System.NullReferenceException: Object reference not set to an instance of an object
[Ref 93577FA8] Duplicate stacktrace, see ref for original
Exception ticking VVE_MosquitoTestLeaving11234 (at (141, 0, 156)): System.NullReferenceException: Object reference not set to an instance of an object
[Ref 93577FA8] Duplicate stacktrace, see ref for original
Exception ticking VVE_MosquitoTestLeaving11234 (at (141, 0, 156)): System.NullReferenceException: Object reference not set to an instance of an object
[Ref 93577FA8] Duplicate stacktrace, see ref for original
Exception ticking VVE_MosquitoTestLeaving11234 (at (141, 0, 156)): System.NullReferenceException: Object reference not set to an instance of an object
[Ref 93577FA8] Duplicate stacktrace, see ref for original
Exception ticking VVE_MosquitoTestLeaving11234 (at (141, 0, 156)): System.NullReferenceException: Object reference not set to an instance of an object
[Ref 93577FA8] Duplicate stacktrace, see ref for original
Exception ticking VVE_MosquitoTestLeaving11234 (at (141, 0, 156)): System.NullReferenceException: Object reference not set to an instance of an object
[Ref 93577FA8] Duplicate stacktrace, see ref for original
Exception ticking VVE_MosquitoTestLeaving11234 (at (141, 0, 156)): System.NullReferenceException: Object reference not set to an instance of an object
[Ref 93577FA8] Duplicate stacktrace, see ref for original
Exception ticking VVE_MosquitoTestLeaving11234 (at (141, 0, 156)): System.NullReferenceException: Object reference not set to an instance of an object
[Ref 93577FA8] Duplicate stacktrace, see ref for original
Exception ticking VVE_MosquitoTestLeaving11234 (at (141, 0, 156)): System.NullReferenceException: Object reference not set to an instance of an object
[Ref 93577FA8] Duplicate stacktrace, see ref for original
Exception ticking VVE_MosquitoTestLeaving11234 (at (141, 0, 156)): System.NullReferenceException: Object reference not set to an instance of an object
[Ref 93577FA8] Duplicate stacktrace, see ref for original
Exception ticking VVE_MosquitoTestLeaving11234 (at (141, 0, 156)): System.NullReferenceException: Object reference not set to an instance of an object
[Ref 93577FA8] Duplicate stacktrace, see ref for original
Exception ticking VVE_MosquitoTestLeaving11234 (at (141, 0, 156)): System.NullReferenceException: Object reference not set to an instance of an object
[Ref 93577FA8] Duplicate stacktrace, see ref for original
Exception ticking VVE_MosquitoTestLeaving11234 (at (141, 0, 156)): System.NullReferenceException: Object reference not set to an instance of an object
[Ref 93577FA8] Duplicate stacktrace, see ref for original
Exception ticking VVE_MosquitoTestLeaving11234 (at (141, 0, 156)): System.NullReferenceException: Object reference not set to an instance of an object
[Ref 93577FA8] Duplicate stacktrace, see ref for original
Exception ticking VVE_MosquitoTestLeaving11234 (at (141, 0, 156)): System.NullReferenceException: Object reference not set to an instance of an object
[Ref 93577FA8] Duplicate stacktrace, see ref for original
Exception ticking VVE_MosquitoTestLeaving11234 (at (141, 0, 156)): System.NullReferenceException: Object reference not set to an instance of an object
[Ref 93577FA8] Duplicate stacktrace, see ref for original
Exception ticking VVE_MosquitoTestLeaving11234 (at (141, 0, 156)): System.NullReferenceException: Object reference not set to an instance of an object
[Ref 93577FA8] Duplicate stacktrace, see ref for original
Exception ticking VVE_MosquitoTestLeaving11234 (at (141, 0, 156)): System.NullReferenceException: Object reference not set to an instance of an object
[Ref 93577FA8] Duplicate stacktrace, see ref for original
Exception ticking VVE_MosquitoTestLeaving11234 (at (141, 0, 156)): System.NullReferenceException: Object reference not set to an instance of an object
[Ref 93577FA8] Duplicate stacktrace, see ref for original
Exception ticking VVE_MosquitoTestLeaving11234 (at (141, 0, 156)): System.NullReferenceException: Object reference not set to an instance of an object
[Ref 93577FA8] Duplicate stacktrace, see ref for original
Exception ticking VVE_MosquitoTestLeaving11234 (at (141, 0, 156)): System.NullReferenceException: Object reference not set to an instance of an object
[Ref 93577FA8] Duplicate stacktrace, see ref for original
Exception ticking VVE_MosquitoTestLeaving11234 (at (141, 0, 156)): System.NullReferenceException: Object reference not set to an instance of an object
[Ref 93577FA8] Duplicate stacktrace, see ref for original
Exception ticking VVE_MosquitoTestLeaving11234 (at (141, 0, 156)): System.NullReferenceException: Object reference not set to an instance of an object
[Ref 93577FA8] Duplicate stacktrace, see ref for original
Exception ticking VVE_MosquitoTestLeaving11234 (at (141, 0, 156)): System.NullReferenceException: Object reference not set to an instance of an object
[Ref 93577FA8] Duplicate stacktrace, see ref for original
Exception ticking VVE_MosquitoTestLeaving11234 (at (141, 0, 156)): System.NullReferenceException: Object reference not set to an instance of an object
[Ref 93577FA8] Duplicate stacktrace, see ref for original
Exception ticking VVE_MosquitoTestLeaving11234 (at (141, 0, 156)): System.NullReferenceException: Object reference not set to an instance of an object
[Ref 93577FA8] Duplicate stacktrace, see ref for original
Exception ticking VVE_MosquitoTestLeaving11234 (at (141, 0, 156)): System.NullReferenceException: Object reference not set to an instance of an object
[Ref 93577FA8] Duplicate stacktrace, see ref for original
Exception ticking VVE_MosquitoTestLeaving11234 (at (141, 0, 156)): System.NullReferenceException: Object reference not set to an instance of an object
[Ref 93577FA8] Duplicate stacktrace, see ref for original
Exception ticking VVE_MosquitoTestLeaving11234 (at (141, 0, 156)): System.NullReferenceException: Object reference not set to an instance of an object
[Ref 93577FA8] Duplicate stacktrace, see ref for original
Exception ticking VVE_MosquitoTestLeaving11234 (at (141, 0, 156)): System.NullReferenceException: Object reference not set to an instance of an object
[Ref 93577FA8] Duplicate stacktrace, see ref for original
Exception ticking VVE_MosquitoTestLeaving11234 (at (141, 0, 156)): System.NullReferenceException: Object reference not set to an instance of an object
[Ref 93577FA8] Duplicate stacktrace, see ref for original
Exception ticking VVE_MosquitoTestLeaving11234 (at (141, 0, 156)): System.NullReferenceException: Object reference not set to an instance of an object
[Ref 93577FA8] Duplicate stacktrace, see ref for original
Exception ticking VVE_MosquitoTestLeaving11234 (at (141, 0, 156)): System.NullReferenceException: Object reference not set to an instance of an object
[Ref 93577FA8] Duplicate stacktrace, see ref for original
Exception ticking VVE_MosquitoTestLeaving11234 (at (141, 0, 156)): System.NullReferenceException: Object reference not set to an instance of an object
[Ref 93577FA8] Duplicate stacktrace, see ref for original
Exception ticking VVE_MosquitoTestLeaving11234 (at (141, 0, 156)): System.NullReferenceException: Object reference not set to an instance of an object
[Ref 93577FA8] Duplicate stacktrace, see ref for original
Exception ticking VVE_MosquitoTestLeaving11234 (at (141, 0, 156)): System.NullReferenceException: Object reference not set to an instance of an object
[Ref 93577FA8] Duplicate stacktrace, see ref for original
Exception ticking VVE_MosquitoTestLeaving11234 (at (141, 0, 156)): System.NullReferenceException: Object reference not set to an instance of an object
[Ref 93577FA8] Duplicate stacktrace, see ref for original
Exception ticking VVE_MosquitoTestLeaving11234 (at (141, 0, 156)): System.NullReferenceException: Object reference not set to an instance of an object
[Ref 93577FA8] Duplicate stacktrace, see ref for original
Exception ticking VVE_MosquitoTestLeaving11234 (at (141, 0, 156)): System.NullReferenceException: Object reference not set to an instance of an object
[Ref 93577FA8] Duplicate stacktrace, see ref for original
Exception ticking VVE_MosquitoTestLeaving11234 (at (141, 0, 156)): System.NullReferenceException: Object reference not set to an instance of an object
[Ref 93577FA8] Duplicate stacktrace, see ref for original
Exception ticking VVE_MosquitoTestLeaving11234 (at (141, 0, 156)): System.NullReferenceException: Object reference not set to an instance of an object
[Ref 93577FA8] Duplicate stacktrace, see ref for original
Exception ticking VVE_MosquitoTestLeaving11234 (at (141, 0, 156)): System.NullReferenceException: Object reference not set to an instance of an object
[Ref 93577FA8] Duplicate stacktrace, see ref for original
Exception ticking VVE_MosquitoTestLeaving11234 (at (141, 0, 156)): System.NullReferenceException: Object reference not set to an instance of an object
[Ref 93577FA8] Duplicate stacktrace, see ref for original
Exception ticking VVE_MosquitoTestLeaving11234 (at (141, 0, 156)): System.NullReferenceException: Object reference not set to an instance of an object
[Ref 93577FA8] Duplicate stacktrace, see ref for original
Exception ticking VVE_MosquitoTestLeaving11234 (at (141, 0, 156)): System.NullReferenceException: Object reference not set to an instance of an object
[Ref 93577FA8] Duplicate stacktrace, see ref for original
Exception ticking VVE_MosquitoTestLeaving11234 (at (141, 0, 156)): System.NullReferenceException: Object reference not set to an instance of an object
[Ref 93577FA8] Duplicate stacktrace, see ref for original
Exception ticking VVE_MosquitoTestLeaving11234 (at (141, 0, 156)): System.NullReferenceException: Object reference not set to an instance of an object
[Ref 93577FA8] Duplicate stacktrace, see ref for original
Exception ticking VVE_MosquitoTestLeaving11234 (at (141, 0, 156)): System.NullReferenceException: Object reference not set to an instance of an object
[Ref 93577FA8] Duplicate stacktrace, see ref for original
Exception ticking VVE_MosquitoTestLeaving11234 (at (141, 0, 156)): System.NullReferenceException: Object reference not set to an instance of an object
[Ref 93577FA8] Duplicate stacktrace, see ref for original
Exception ticking VVE_MosquitoTestLeaving11234 (at (141, 0, 156)): System.NullReferenceException: Object reference not set to an instance of an object
[Ref 93577FA8] Duplicate stacktrace, see ref for original
Exception ticking VVE_MosquitoTestLeaving11234 (at (141, 0, 156)): System.NullReferenceException: Object reference not set to an instance of an object
[Ref 93577FA8] Duplicate stacktrace, see ref for original
Exception ticking VVE_MosquitoTestLeaving11234 (at (141, 0, 156)): System.NullReferenceException: Object reference not set to an instance of an object
[Ref 527CD6DD]
  at VehicleRaid.CompVehicleHover.SnapPositionToGrid () [0x00040] in <20343a48ef2741a2b607e74b82a21c69>:0 
  at VehicleRaid.CompVehicleHover.TickHoverMovement () [0x0003d] in <20343a48ef2741a2b607e74b82a21c69>:0 
  at VehicleRaid.CompVehicleHover.CompTick () [0x0011e] in <20343a48ef2741a2b607e74b82a21c69>:0 
  at Vehicles.VehiclePawn.TickAllComps () [0x00010] in C:\Program Files (x86)\Steam\steamapps\common\RimWorld\Mods\Vehicle-Framework\Source\Vehicles\Components\Vehicles\VehiclePawn\VehiclePawn_Tickers.cs:103 
  at Vehicles.VehiclePawn.Tick () [0x00006] in <81bfdc99d8ad42e184702f73e7836b4a>:0 
    - POSTFIX VRF.VehicleRaidFramework: Void VehicleRaidFramework.Patch_RaidVehicle_CrewDependency:Postfix(VehiclePawn __instance)
  at Verse.Thing.DoTick () [0x0007b] in <46372f5dadbf4af8939e608076251180>:0 
  at Verse.ThingOwner.DoTick () [0x0001c] in <46372f5dadbf4af8939e608076251180>:0 
  at Verse.Thing.DoTick () [0x0022c] in <46372f5dadbf4af8939e608076251180>:0 
  at Verse.TickList.Tick () [0x00139] in <46372f5dadbf4af8939e608076251180>:0 
MosquitoTest started 10 jobs in 10 ticks. List: (IdleVehicleDeSpawned (Job_757)) , (IdleVehicleDeSpawned (Job_757)) , (IdleVehicleDeSpawned (Job_757)) , (IdleVehicleDeSpawned (Job_757)) , (IdleVehicleDeSpawned (Job_757)) , (IdleVehicleDeSpawned (Job_757)) , (IdleVehicleDeSpawned (Job_757)) , (IdleVehicleDeSpawned (Job_757)) , (IdleVehicleDeSpawned (Job_757)) , (IdleVehicleDeSpawned (Job_757)) 
Exception thrown from thread=104.
System.Threading.ThreadAbortException: Thread was being aborted.
[Ref 54CF78B3]
(wrapper managed-to-native) System.Threading.Monitor.Monitor_wait(object,int)
  at System.Threading.Monitor.ObjWait (System.Boolean exitContext, System.Int32 millisecondsTimeout, System.Object obj) [0x0002f] in <51fded79cd284d4d911c5949aff4cb21>:0 
  at System.Threading.Monitor.Wait (System.Object obj, System.Int32 millisecondsTimeout, System.Boolean exitContext) [0x0000e] in <51fded79cd284d4d911c5949aff4cb21>:0 
  at System.Threading.Monitor.Wait (System.Object obj, System.Int32 millisecondsTimeout) [0x00000] in <51fded79cd284d4d911c5949aff4cb21>:0 
  at System.Threading.ManualResetEventSlim.Wait (System.Int32 millisecondsTimeout, System.Threading.CancellationToken cancellationToken) [0x00100] in <51fded79cd284d4d911c5949aff4cb21>:0 
  at System.Threading.ManualResetEventSlim.Wait () [0x00000] in <51fded79cd284d4d911c5949aff4cb21>:0 
  at SmashTools.Performance.DedicatedThread.Execute () [0x0000c] in C:\Program Files (x86)\Steam\steamapps\common\RimWorld\Mods\Vehicle-Framework\SmashTools\SmashTools\SmashTools\Performance\Multithreading\DedicatedThread.cs:168 
Memory Statistics:
[ALLOC_TEMP_TLS] TLS Allocator
  StackAllocators : 
    [ALLOC_TEMP_MAIN]
      Peak usage frame count: [0-1.0 KB]: 5100 frames, [1.0 KB-2.0 KB]: 3 frames, [2.0 KB-4.0 KB]: 21100 frames, [4.0 KB-8.0 KB]: 437 frames, [8.0 KB-16.0 KB]: 116 frames, [16.0 KB-32.0 KB]: 111 frames, [32.0 KB-64.0 KB]: 11 frames, [64.0 KB-128.0 KB]: 6 frames, [128.0 KB-256.0 KB]: 1 frames, [1.0 MB-2.0 MB]: 3 frames, [2.0 MB-4.0 MB]: 4 frames
      Initial Block Size 4.0 MB
      Current Block Size 4.0 MB
      Peak Allocated Bytes 3.9 MB
      Overflow Count 1
    [ALLOC_TEMP_Loading.AsyncRead]
      Initial Block Size 64.0 KB
      Current Block Size 120.0 KB
      Peak Allocated Bytes 117.3 KB
      Overflow Count 0
    [ALLOC_TEMP_Loading.PreloadManager]
      Initial Block Size 256.0 KB
      Current Block Size 256.0 KB
      Peak Allocated Bytes 3.7 KB
      Overflow Count 8
    [ALLOC_TEMP_Background Job.Worker 8]
      Initial Block Size 32.0 KB
      Current Block Size 32.0 KB
      Peak Allocated Bytes 54 B
      Overflow Count 0
    [ALLOC_TEMP_Job.Worker 6]
      Initial Block Size 256.0 KB
      Current Block Size 256.0 KB
      Peak Allocated Bytes 176 B
      Overflow Count 0
    [ALLOC_TEMP_Job.Worker 0]
      Initial Block Size 256.0 KB
      Current Block Size 256.0 KB
      Peak Allocated Bytes 160 B
      Overflow Count 0
    [ALLOC_TEMP_Background Job.Worker 10]
      Initial Block Size 32.0 KB
      Current Block Size 32.0 KB
      Peak Allocated Bytes 54 B
      Overflow Count 0
    [ALLOC_TEMP_Background Job.Worker 9]
      Initial Block Size 32.0 KB
      Current Block Size 32.0 KB
      Peak Allocated Bytes 54 B
      Overflow Count 0
    [ALLOC_TEMP_Job.Worker 5]
      Initial Block Size 256.0 KB
      Current Block Size 256.0 KB
      Peak Allocated Bytes 176 B
      Overflow Count 0
    [ALLOC_TEMP_Background Job.Worker 14]
      Initial Block Size 32.0 KB
      Current Block Size 32.0 KB
      Peak Allocated Bytes 54 B
      Overflow Count 0
    [ALLOC_TEMP_Background Job.Worker 6]
      Initial Block Size 32.0 KB
      Current Block Size 32.0 KB
      Peak Allocated Bytes 54 B
      Overflow Count 0
    [ALLOC_TEMP_Job.Worker 4]
      Initial Block Size 256.0 KB
      Current Block Size 256.0 KB
      Peak Allocated Bytes 176 B
      Overflow Count 0
    [ALLOC_TEMP_Job.Worker 3]
      Initial Block Size 256.0 KB
      Current Block Size 256.0 KB
      Peak Allocated Bytes 176 B
      Overflow Count 0
    [ALLOC_TEMP_Background Job.Worker 12]
      Initial Block Size 32.0 KB
      Current Block Size 32.0 KB
      Peak Allocated Bytes 54 B
      Overflow Count 0
    [ALLOC_TEMP_EnlightenWorker] x 6
      Initial Block Size 64.0 KB
      Current Block Size 64.0 KB
      Peak Allocated Bytes 54 B
      Overflow Count 0
    [ALLOC_TEMP_Background Job.Worker 15]
      Initial Block Size 32.0 KB
      Current Block Size 32.0 KB
      Peak Allocated Bytes 54 B
      Overflow Count 0
    [ALLOC_TEMP_Background Job.Worker 1]
      Initial Block Size 32.0 KB
      Current Block Size 32.0 KB
      Peak Allocated Bytes 54 B
      Overflow Count 0
    [ALLOC_TEMP_Background Job.Worker 2]
      Initial Block Size 32.0 KB
      Current Block Size 32.0 KB
      Peak Allocated Bytes 54 B
      Overflow Count 0
    [ALLOC_TEMP_Background Job.Worker 7]
      Initial Block Size 32.0 KB
      Current Block Size 32.0 KB
      Peak Allocated Bytes 54 B
      Overflow Count 0
    [ALLOC_TEMP_UnityGfxDeviceWorker]
      Initial Block Size 256.0 KB
      Current Block Size 256.0 KB
      Peak Allocated Bytes 10.3 KB
      Overflow Count 0
    [ALLOC_TEMP_AssetGarbageCollectorHelper] x 11
      Initial Block Size 64.0 KB
      Current Block Size 64.0 KB
      Peak Allocated Bytes 138 B
      Overflow Count 0
    [ALLOC_TEMP_Background Job.Worker 5]
      Initial Block Size 32.0 KB
      Current Block Size 32.0 KB
      Peak Allocated Bytes 54 B
      Overflow Count 0
    [ALLOC_TEMP_Job.Worker 9]
      Initial Block Size 256.0 KB
      Current Block Size 256.0 KB
      Peak Allocated Bytes 176 B
      Overflow Count 0
    [ALLOC_TEMP_Background Job.Worker 13]
      Initial Block Size 32.0 KB
      Current Block Size 32.0 KB
      Peak Allocated Bytes 54 B
      Overflow Count 0
    [ALLOC_TEMP_Job.Worker 8]
      Initial Block Size 256.0 KB
      Current Block Size 256.0 KB
      Peak Allocated Bytes 176 B
      Overflow Count 0
    [ALLOC_TEMP_Job.Worker 7]
      Initial Block Size 256.0 KB
      Current Block Size 256.0 KB
      Peak Allocated Bytes 160 B
      Overflow Count 0
    [ALLOC_TEMP_Job.Worker 1]
      Initial Block Size 256.0 KB
      Current Block Size 256.0 KB
      Peak Allocated Bytes 507 B
      Overflow Count 0
    [ALLOC_TEMP_Job.Worker 2]
      Initial Block Size 256.0 KB
      Current Block Size 256.0 KB
      Peak Allocated Bytes 288 B
      Overflow Count 0
    [ALLOC_TEMP_Background Job.Worker 3]
      Initial Block Size 32.0 KB
      Current Block Size 32.0 KB
      Peak Allocated Bytes 54 B
      Overflow Count 0
    [ALLOC_TEMP_Background Job.Worker 11]
      Initial Block Size 32.0 KB
      Current Block Size 32.0 KB
      Peak Allocated Bytes 54 B
      Overflow Count 0
    [ALLOC_TEMP_Job.Worker 10]
      Initial Block Size 256.0 KB
      Current Block Size 256.0 KB
      Peak Allocated Bytes 176 B
      Overflow Count 0
    [ALLOC_TEMP_Background Job.Worker 0]
      Initial Block Size 32.0 KB
      Current Block Size 32.0 KB
      Peak Allocated Bytes 54 B
      Overflow Count 0
    [ALLOC_TEMP_Background Job.Worker 4]
      Initial Block Size 32.0 KB
      Current Block Size 32.0 KB
      Peak Allocated Bytes 54 B
      Overflow Count 0
    [ALLOC_TEMP_BatchDeleteObjects]
      Initial Block Size 64.0 KB
      Current Block Size 64.0 KB
      Peak Allocated Bytes 54 B
      Overflow Count 0
[ALLOC_DEFAULT] Dual Thread Allocator
  Peak main deferred allocation count 43560
    [ALLOC_BUCKET]
      Large Block size 4.0 MB
      Used Block count 1
      Peak Allocated bytes 4.0 MB
      Failed Allocations. Bucket layout:
        16B: 4 Subsections = 4096 buckets. Failed count: 84875
        32B: 34 Subsections = 17408 buckets. Failed count: 103494
        48B: 49 Subsections = 16725 buckets. Failed count: 1208100
        64B: 39 Subsections = 9984 buckets. Failed count: 443160
        80B: 85 Subsections = 17408 buckets. Failed count: 70733
        96B: 29 Subsections = 4949 buckets. Failed count: 57667
        112B: 10 Subsections = 1462 buckets. Failed count: 21426
        128B: 6 Subsections = 768 buckets. Failed count: 15870
    [ALLOC_DEFAULT_MAIN]
      Peak usage frame count: [16.0 MB-32.0 MB]: 2827 frames, [128.0 MB-256.0 MB]: 24045 frames, [256.0 MB-0.50 GB]: 20 frames
      Requested Block Size 16.0 MB
      Peak Block count 20
      Peak Allocated memory 331.1 MB
      Peak Large allocation bytes 31.2 MB
    [ALLOC_DEFAULT_THREAD]
      Peak usage frame count: [8.0 MB-16.0 MB]: 3628 frames, [16.0 MB-32.0 MB]: 28 frames, [32.0 MB-64.0 MB]: 1458 frames, [64.0 MB-128.0 MB]: 21778 frames
      Requested Block Size 16.0 MB
      Peak Block count 6
      Peak Allocated memory 80.4 MB
      Peak Large allocation bytes 10.0 MB
[ALLOC_TEMP_JOB_1_FRAME]
  Initial Block Size 2.0 MB
  Used Block Count 0
  Overflow Count (too large) 0
  Overflow Count (full) 0
[ALLOC_TEMP_JOB_2_FRAMES]
  Initial Block Size 2.0 MB
  Used Block Count 0
  Overflow Count (too large) 0
  Overflow Count (full) 0
[ALLOC_TEMP_JOB_4_FRAMES (JobTemp)]
  Initial Block Size 2.0 MB
  Used Block Count 1
  Overflow Count (too large) 0
  Overflow Count (full) 0
[ALLOC_TEMP_JOB_ASYNC (Background)]
  Initial Block Size 1.0 MB
  Used Block Count 1
  Overflow Count (too large) 0
  Overflow Count (full) 0
[ALLOC_GFX] Dual Thread Allocator
  Peak main deferred allocation count 12
    [ALLOC_BUCKET]
      Large Block size 4.0 MB
      Used Block count 1
      Peak Allocated bytes 4.0 MB
      Failed Allocations. Bucket layout:
        16B: 4 Subsections = 4096 buckets. Failed count: 84875
        32B: 34 Subsections = 17408 buckets. Failed count: 103494
        48B: 49 Subsections = 16725 buckets. Failed count: 1208100
        64B: 39 Subsections = 9984 buckets. Failed count: 443160
        80B: 85 Subsections = 17408 buckets. Failed count: 70733
        96B: 29 Subsections = 4949 buckets. Failed count: 57667
        112B: 10 Subsections = 1462 buckets. Failed count: 21426
        128B: 6 Subsections = 768 buckets. Failed count: 15870
    [ALLOC_GFX_MAIN]
      Peak usage frame count: [128.0 KB-256.0 KB]: 1 frames, [2.0 MB-4.0 MB]: 5112 frames, [32.0 MB-64.0 MB]: 21778 frames, [0.50 GB-1.00 GB]: 1 frames
      Requested Block Size 16.0 MB
      Peak Block count 20
      Peak Allocated memory 0.60 GB
      Peak Large allocation bytes 426.0 MB
    [ALLOC_GFX_THREAD]
      Peak usage frame count: [0-1.0 KB]: 2836 frames, [1.0 KB-2.0 KB]: 1209 frames, [2.0 KB-4.0 KB]: 1070 frames, [16.0 KB-32.0 KB]: 9806 frames, [32.0 KB-64.0 KB]: 115 frames, [64.0 KB-128.0 KB]: 768 frames, [128.0 KB-256.0 KB]: 11088 frames
      Requested Block Size 16.0 MB
      Peak Block count 1
      Peak Allocated memory 142.9 KB
      Peak Large allocation bytes 0 B
[ALLOC_CACHEOBJECTS] Dual Thread Allocator
  Peak main deferred allocation count 187
    [ALLOC_BUCKET]
      Large Block size 4.0 MB
      Used Block count 1
      Peak Allocated bytes 4.0 MB
      Failed Allocations. Bucket layout:
        16B: 4 Subsections = 4096 buckets. Failed count: 84875
        32B: 34 Subsections = 17408 buckets. Failed count: 103494
        48B: 49 Subsections = 16725 buckets. Failed count: 1208100
        64B: 39 Subsections = 9984 buckets. Failed count: 443160
        80B: 85 Subsections = 17408 buckets. Failed count: 70733
        96B: 29 Subsections = 4949 buckets. Failed count: 57667
        112B: 10 Subsections = 1462 buckets. Failed count: 21426
        128B: 6 Subsections = 768 buckets. Failed count: 15870
    [ALLOC_CACHEOBJECTS_MAIN]
      Peak usage frame count: [4.0 MB-8.0 MB]: 1 frames, [8.0 MB-16.0 MB]: 2826 frames, [16.0 MB-32.0 MB]: 24065 frames
      Requested Block Size 4.0 MB
      Peak Block count 6
      Peak Allocated memory 18.8 MB
      Peak Large allocation bytes 0 B
    [ALLOC_CACHEOBJECTS_THREAD]
      Peak usage frame count: [4.0 KB-8.0 KB]: 2826 frames, [32.0 KB-64.0 KB]: 1 frames, [128.0 KB-256.0 KB]: 24062 frames, [256.0 KB-0.5 MB]: 2 frames, [0.5 MB-1.0 MB]: 1 frames
      Requested Block Size 4.0 MB
      Peak Block count 1
      Peak Allocated memory 0.6 MB
      Peak Large allocation bytes 0 B
[ALLOC_TYPETREE] Dual Thread Allocator
  Peak main deferred allocation count 0
    [ALLOC_BUCKET]
      Large Block size 4.0 MB
      Used Block count 1
      Peak Allocated bytes 4.0 MB
      Failed Allocations. Bucket layout:
        16B: 4 Subsections = 4096 buckets. Failed count: 84875
        32B: 34 Subsections = 17408 buckets. Failed count: 103494
        48B: 49 Subsections = 16725 buckets. Failed count: 1208100
        64B: 39 Subsections = 9984 buckets. Failed count: 443160
        80B: 85 Subsections = 17408 buckets. Failed count: 70733
        96B: 29 Subsections = 4949 buckets. Failed count: 57667
        112B: 10 Subsections = 1462 buckets. Failed count: 21426
        128B: 6 Subsections = 768 buckets. Failed count: 15870
    [ALLOC_TYPETREE_MAIN]
      Peak usage frame count: [4.0 KB-8.0 KB]: 1 frames, [8.0 KB-16.0 KB]: 2826 frames, [256.0 KB-0.5 MB]: 24065 frames
      Requested Block Size 2.0 MB
      Peak Block count 1
      Peak Allocated memory 365.5 KB
      Peak Large allocation bytes 0 B
    [ALLOC_TYPETREE_THREAD]
      Peak usage frame count: [0-1.0 KB]: 26892 frames
      Requested Block Size 2.0 MB
      Peak Block count 0
      Peak Allocated memory 0 B
      Peak Large allocation bytes 0 B
